
----
...
playing BR ScummVM
"interesting" audio buzz:
ESPER main state: 1

----
To do:
-understand which Array is crashing in the templated a[] overload/accessor
-logging
-call stack
-isolate
-fix

----
...
Actor acquired clue: "McCoy's Description" from 0                                                                       
Actor acquired clue: "McCoy is a blade runner" from 0                                                                   
Clicked on actor 28                                                                                                     
Clicked on actor 28                                                                                                     
Clicked on actor 28                                                                                                     
Clicked on actor 28                                                                                                     
Actor acquired clue: "Crime Scene Notes" from 1 => crashed


----
bleh
====
array.h:
	T &operator[](size_type idx) {
		//RTR 9.26.18
		//tmp
		//"blind" fix => return 'flags' part of clue 
		if (idx >= _size)
			idx = 9;
		//tmp
		//
		assert(idx < _size);

====
...

*fork* scummvm
https://github.com/rtrose247/scummvm

----
adding as submodule:
git submodule add https://github.com/rtrose247/scummvm

(!)
https://blog.github.com/2016-02-01-working-with-submodules/
----
*zuben* hack:=>retired

Game State/transitions:
mccoy's apt|post-sleep|howie lee's|guzza call|soup room|=> invalid loop
:(

maybe:
in Zuben AI,
enable Gaff goal 3 (mccoy's apt rooftop)

----
things changed:
-array.h
-actor_clues.cpp
-obstacles.cpp
--
-zuben.cpp

----
bleh
$ cd scummvm|<=submodule
$ git pull
$ git fetch origin
$ git reset --hard origin/master
$ git pull
$ git submodule init
$ git submodule update

----
git add (filename)
git commit -m "(+)Zuben=>auto retire"
git push --recurse-submodules=on-demand
git push origin HEAD:master
----
$ git submodule init
$ git submodule update
git commit -m "(+)Zuben=>*ack|(+)Runciter retire|sines()|cosines()" engines/bladerunner
git push --recurse-submodules=on-demand
git push origin HEAD:master         	
----

...
need to check:
e.g.,
DialogueMenu::showAt 0 164 256
calculatePosition: 142 238 164 256 25
etc.

WARNING: Dialogue_Menu_Remove_From_List(1010)!
Actor acquired clue: "Izo Interview" from 7

----
weavers of social justice
----
(!)
interesting:
in C:\Users\rtrose\AppData\Roaming\ScummVM\scummvm.ini 
there is boot_param=
where boot_param=2000000 => goes to chapter 2 & loads game console
----
hmm
load/save game functions might
use similar approach
initializing : config file
e.g.,
in constructor
KIA::KIA(BladeRunnerEngine *vm)
----
help(!)
Dumming Down ScummVM
----
"things" from thingiverse:

Deckard's Blaster Bullet and Cylinder
Badge
Blaster
...
----
//an issue found:
-Bradbury backtracking|from ladder to roof|back to manneq|exit right=>exception

----
interesting:
rc01
rc02 hacks => crowd gone:kFlagRC01PoliceDone
|forced transition to mccoy apt|.

...KIA already mod by Bob
...zuben already retired (flag set)

accessing terminal before Tyrell scene image analysis:no password=>locked out

----
vqa decoder
read frame -1 out of bounds, frame count is 0!


----
//todo's:
-speed up runciter's....
-fix runciter HP count
-improve zuben "auto retire"|maybe:try an ascending list of goals...ending with goal "6":zuben retire
-fix Gaff
-"admin" scene =>
-"combat" scenes
-load/save
(maybe)
actor 32 morphing into McCoy
-night club row|dektora <= may require izo clues first....


...
(!)
wow
https://www.youtube.com/watch?v=zzTiaVq9RN0
Blade Runner 2049 - Mesa (Extended)
=>
mirrors "tears in rain"|"strange charm" by *V*

----
idea:
we (humans) may be as small as "quantum dots"
----
//Runciter
improving runciter dialog/logic
...
sick of having to wait for lucy's desk to be enabled....
rc02:initalize scene()


...

//Zuben
improving logic:=>
        Zuben:11
        Zuben:11:Player_Loses_Control
        Zuben:11:Player_Gains_Control
        Zuben:11:Actor_Face_Heading(kActorZuben|kActorMcCoy)
        Zuben:12

...

	Zuben:8
        Zuben:14
        Zuben:9
        Zuben:10
        Zuben:2
	Zuben:13
--
        Zuben:11
        Zuben:11:Player_Loses_Control
        Zuben:11:Player_Gains_Control
        Zuben:11:Actor_Face_Heading(kActorZuben|kActorMcCoy)
        Zuben:11:Scene_Exits_Enable
        Zuben:12
        Zuben:12:Scene_Exits_Enable

...
running out of ammo:
bleh
----
Actor acquired clue: "Zuben Runs Away" from -1
        Zuben:8
        Zuben:14
        Zuben:9
        Zuben:10
        Zuben:2
        Zuben:13
	...
        Zuben:11
        Zuben:11:Player_Loses_Control
        Zuben:11:Player_Gains_Control
        Zuben:11:Actor_Face_Heading(kActorZuben|kActorMcCoy)
        Zuben:11:Scene_Exits_Enable
        Zuben:5(X)...no zuben in scene....!
try:Zuben(5=>6)(X)retire

----
an "easy" way:
temp hacks to: shot and missed|shot and hit()

----
//s
interesting:
Chromatics "SHADOW" Extended Remix 2018 Twin Peaks Return
(+)
MESA
...
----
Fair Use//ScummVM+Game Bar//Blade Runner Game:
-Windows, English, ScummVM game engine
-custom code (details to follow)
-fair use is intended, &
-for teaching&research purposes

video game mashup

Videos:
Fair Use Blade Runner Windows English 2018 10 08 13 25 28	=>8:48
(Fair Use) Blade Runner Game : 2018 10 08 13 34 36		=>2:01
Fair Use Blade Runner Game : 2018 10 08 13 12 42		=>12:30
Fair Use Blade Runner Game : 2018 10 08 13 04 23		=>7:58
Fair Use Blade Runner Game : 2018 10 08 12 56 37		=>6:38
Fair Use Blade Runner Game : 2018 10 08 12 45 49		=>10:19
------------------------------------------------------------------------
Total								=>48:25
...
Work in progress...
Blade Runner Windows English 2018 10 11 18 33 06 		=>3:03
...
Fair Use Blade Runner Demo Playlist
----
New channel:
Spiffy Rose
(+)
https://www.youtube.com/playlist?list=PL1tmToucRxIfgyLfBqmQ8Io8eqUMb6EPT
(+)
https://www.youtube.com/watch?v=CBH0GdLVxKo&list=PL1tmToucRxIfgyLfBqmQ8Io8eqUMb6EPT&index=6&t=233s
----
***
RepTek
enhancement:
dice rolls + card draws => clue expansion
...
thus,
=>advances BR storyline;
...
load+save games enhancement(s)
...
etc.
try it!
----
bleh
-git stash
-create branch
-merge branch to master
----
git branch 20181021
$ git submodule init

rtrose@LAPTOP-SUFHGO0C MINGW64 ~/Downloads/RepTek/scummvm ((4ee0cb676c...))
$ git submodule update

rtrose@LAPTOP-SUFHGO0C MINGW64 ~/Downloads/RepTek/scummvm ((4ee0cb676c...))
$ git commit -m "(+)Zuben=>*ack|(+)Runciter retire|sines()|cosines()"
HEAD detached from 12af1929ef
nothing to commit, working tree clean

rtrose@LAPTOP-SUFHGO0C MINGW64 ~/Downloads/RepTek/scummvm ((4ee0cb676c...))
$ git checkout master
Checking out files: 100% (7/7), done.
Previous HEAD position was 4ee0cb676c enhanced stability:(+)Zuben=>auto retire
Switched to branch 'master'
Your branch is behind 'origin/master' by 1 commit, and can be fast-forwarded.
  (use "git pull" to update your local branch)

rtrose@LAPTOP-SUFHGO0C MINGW64 ~/Downloads/RepTek/scummvm (master)
$ git merge 20181021
Checking out files: 100% (7/7), done.
Updating 12af1929ef..4ee0cb676c
Fast-forward
 common/array.h                           | 833 ++++++++++++++++---------------
 common/cosinetables.cpp                  |  12 +
 common/sinetables.cpp                    |  14 +
 engines/bladerunner/actor_clues.cpp      | 615 ++++++++++++-----------
 engines/bladerunner/obstacles.cpp        |   8 +-
 engines/bladerunner/script/ai/zuben.cpp  | 630 +++++++++++++++--------
 engines/bladerunner/slice_animations.cpp |   8 +
 7 files changed, 1185 insertions(+), 935 deletions(-)

----
hmm.
multiple shots to Zuben @ McCoy apt rooftop:
Actor acquired clue: "McCoy shot Zuben in the back" from -1
...
crash
err.
(!!)
VQADecoder::readFrame: frame -1 out of bounds, frame count is 0!
after Zuben @ McCoy apt rooftop
e.g.,
set 9:scene 46
----
"fixing"
Zuben AI case 11+12 

----
bleh
-why is there a scene transition at McCoy apt rooftop, after (X) Zuben...?
-=> it's backtrack 'ing to China town....(!)

----
bleh
Set_Enter(kSetKP05_KP06, kSceneKP06);

...
----
Zuben
goal changed
e.g.,
	//all others|599
	//RTR 10.22.2018
	//from(6):
	if (Actor_Query_In_Set(kActorZuben, kSetCT07)) {
		Game_Flag_Set(144);
		Actor_Set_Goal_Number(kActorGaff, 1);
		Set_Enter(kSetCT06, kSceneCT06);
	}
	else if (Actor_Query_In_Set(kActorZuben, kSetMA01)) {
		Player_Set_Combat_Mode(false);
		Actor_Set_Goal_Number(kActorGaff, 3);
	}
	//
	//=>
	return false;



----
perhaps()
irony:
-point-and-shoot targets=>clues
-as a shortcut ....
-thought this was an anti-shooter?
----
idea:
RpTk cards=>scene jumps|clues(++)
....

game(s) can be won,with right card combinations....
(+)
expanded version,e.g.,=>
RpTk+Tarot
...
some symbol linkages needed/suggested

----
LOL
OK
----
issue:
need to auto-enable,
Lucy's desk area....
----
todo's
-speed up runciter's....
...
-load/save
(see also above)
----
I'm just surprised that a home improvement project would spill out onto the driveway(!)
yeah, and you're going to see a lot more of this
-telemarketer appears
-We were having a conversation when you walked up
did you know that parking your car on my water meter could puncture your tire?
(I can park on that thing if I want to....!)
so I can quote you on that?
-"I have babies inside..."
-OK. I surrender.
-(stunned looks)
-oh, you're turning this into a chess match then?
-is this an IQ test?
-yeah,and you're failing
-we're not interested in anything you're selling
-(finger)
-oh, so your finger is for sale(!)
-you should take some more of your meds.
-"I'm sorry."
yeah,you're sorry. You're very sorry.
- can I quote you on that? Because that's three in a row
oh, you can count that high?
----
LOL
OK
----
idea(s):
sources:
-Game Engine Architectures(book/s)
-...

ESGP
Expert Systems for Game Programming
EGP(E)
Expert() Game Programming Engines
LOL
OK
----
Scenario(s):
Grocery store + runway show
e.g.,

[A]<=air support|*|*|spinners|*|*|..
------------------------------------
[R]Runway<=	--------------------
------------------------------------
[S]<=store|[P]<=parking lot

got it?
yeah
LOL
OK
----
interesting:
Thingiverse
bikini anime girl
(images)|quantized
=> for p/poster(s) on interior/exterior walls....
----
in case this was not already mentioned:
(r)
runway show
walking=>L|R mirror image page flipping
:)
----
Annie's Manneq.

etc.
----
$ git submodule init
$ git submodule update
git commit -m "(+)Zuben=>*ack|(+)Runciter retire|(+)3D level idea(s)|..." engines/bladerunner
git push --recurse-submodules=on-demand
git push origin HEAD:master
----
"I only like beer!"
----
LOL
OK
----










